// Jest Snapshot v1, https://goo.gl/fbAQLP

exports[`a pagina de configuracao Deve ser renderizado corretamente 1`] = `
<div>
  <form
    class="formulario"
  >
    <input
      placeholder="Insira os nomes dos participantes"
      type="text"
      value=""
    />
    <button
      disabled=""
    >
      Adicionar
    </button>
  </form>
  
  <ul
    class="lista"
  />
  <footer>
    <button
      disabled=""
    >
      Iniciar Brincadeira
    </button>
  </footer>
</div>
`;
